// Jest Snapshot v1, https://goo.gl/fbAQLP

exports[`article container component test should render the article container correctly 1`] = `
<Provider
  store={
    Object {
      "clearActions": [Function],
      "dispatch": [Function],
      "getActions": [Function],
      "getState": [Function],
      "replaceReducer": [Function],
      "subscribe": [Function],
    }
  }
>
  <BrowserRouter>
    <Router
      history={
        Object {
          "action": "POP",
          "block": [Function],
          "createHref": [Function],
          "go": [Function],
          "goBack": [Function],
          "goForward": [Function],
          "length": 1,
          "listen": [Function],
          "location": Object {
            "hash": "",
            "pathname": "/",
            "search": "",
            "state": undefined,
          },
          "push": [Function],
          "replace": [Function],
        }
      }
    >
      <withRouter(Connect(ArticleContainer))
        timeFormat={[MockFunction]}
      >
        <Route>
          <Connect(ArticleContainer)
            history={
              Object {
                "action": "POP",
                "block": [Function],
                "createHref": [Function],
                "go": [Function],
                "goBack": [Function],
                "goForward": [Function],
                "length": 1,
                "listen": [Function],
                "location": Object {
                  "hash": "",
                  "pathname": "/",
                  "search": "",
                  "state": undefined,
                },
                "push": [Function],
                "replace": [Function],
              }
            }
            location={
              Object {
                "hash": "",
                "pathname": "/",
                "search": "",
                "state": undefined,
              }
            }
            match={
              Object {
                "isExact": true,
                "params": Object {},
                "path": "/",
                "url": "/",
              }
            }
            timeFormat={[MockFunction]}
          >
            <ArticleContainer
              articles={
                Array [
                  Object {
                    "User": Object {
                      "firstname": "Tomi",
                      "lastname": "Adebanjo",
                    },
                    "createdAt": "23-09-2018",
                    "description": "We can't Keep blaming behavior on the robots",
                    "imageUrl": "rectangle1",
                    "slug": "asasa",
                    "title": "The Internet's problems Can't Be solved with an Algorithm",
                  },
                  Object {
                    "User": Object {
                      "firstname": "Tomi",
                      "lastname": "Adebanjo",
                    },
                    "createdAt": "23-09-2018",
                    "description": "We can't Keep blaming behavior on the robots",
                    "imageUrl": "rectangle2",
                    "slug": "asasaa",
                    "title": "The Internet's problems Can't Be solved with an Algorithm",
                  },
                ]
              }
              categories={
                Array [
                  Object {
                    "description": "It has become appallingly obvious that our technology has exceeded our humanity.",
                    "id": 1,
                    "name": "FASHION",
                    "poster": "https://res.cloudinary.com/dbsxxymfz/image/upload/v1539947552/eroooo_1.png",
                  },
                ]
              }
              getArticles={[Function]}
              history={
                Object {
                  "action": "POP",
                  "block": [Function],
                  "createHref": [Function],
                  "go": [Function],
                  "goBack": [Function],
                  "goForward": [Function],
                  "length": 1,
                  "listen": [Function],
                  "location": Object {
                    "hash": "",
                    "pathname": "/",
                    "search": "",
                    "state": undefined,
                  },
                  "push": [Function],
                  "replace": [Function],
                }
              }
              loading={false}
              location={
                Object {
                  "hash": "",
                  "pathname": "/",
                  "search": "",
                  "state": undefined,
                }
              }
              match={
                Object {
                  "isExact": true,
                  "params": Object {},
                  "path": "/",
                  "url": "/",
                }
              }
              metadata={Object {}}
              timeFormat={[MockFunction]}
            >
              <div
                className="container article-inner-container"
              >
                <withRouter(ArticleCard)
                  description="We can't Keep blaming behavior on the robots"
                  img="rectangle1"
                  key="asasa"
                  name="Tomi Adebanjo"
                  time="23-09-2018"
                  title="The Internet's problems Can't Be solved with an Algorithm"
                >
                  <Route>
                    <ArticleCard
                      description="We can't Keep blaming behavior on the robots"
                      history={
                        Object {
                          "action": "POP",
                          "block": [Function],
                          "createHref": [Function],
                          "go": [Function],
                          "goBack": [Function],
                          "goForward": [Function],
                          "length": 1,
                          "listen": [Function],
                          "location": Object {
                            "hash": "",
                            "pathname": "/",
                            "search": "",
                            "state": undefined,
                          },
                          "push": [Function],
                          "replace": [Function],
                        }
                      }
                      id={0}
                      img="rectangle1"
                      location={
                        Object {
                          "hash": "",
                          "pathname": "/",
                          "search": "",
                          "state": undefined,
                        }
                      }
                      match={
                        Object {
                          "isExact": true,
                          "params": Object {},
                          "path": "/",
                          "url": "/",
                        }
                      }
                      name="Tomi Adebanjo"
                      time="23-09-2018"
                      title="The Internet's problems Can't Be solved with an Algorithm"
                    >
                      <div
                        className="articleCard-container"
                        onClick={[Function]}
                      >
                        <div
                          className="columns articleCard"
                        >
                          <div
                            className="column is-one-fifth padding__0"
                          >
                            <img
                              alt=""
                              className="articleCard__img"
                              src="rectangle1"
                            />
                          </div>
                          <div
                            className="column padding__0 articleCard__content"
                          >
                            <h2
                              className="articleCard__title"
                            >
                              The Internet's problems Can't Be solved with an Algorithm
                            </h2>
                            <p
                              className="articleCard__subtitle"
                            >
                              We can't Keep blaming behavior on the robots
                            </p>
                            <p
                              className="articleCard__name"
                            >
                              Tomi Adebanjo
                            </p>
                            <p
                              className="articleCard__time"
                            >
                              just now
                            </p>
                          </div>
                        </div>
                      </div>
                    </ArticleCard>
                  </Route>
                </withRouter(ArticleCard)>
                <withRouter(ArticleCard)
                  description="We can't Keep blaming behavior on the robots"
                  img="rectangle2"
                  key="asasaa"
                  name="Tomi Adebanjo"
                  time="23-09-2018"
                  title="The Internet's problems Can't Be solved with an Algorithm"
                >
                  <Route>
                    <ArticleCard
                      description="We can't Keep blaming behavior on the robots"
                      history={
                        Object {
                          "action": "POP",
                          "block": [Function],
                          "createHref": [Function],
                          "go": [Function],
                          "goBack": [Function],
                          "goForward": [Function],
                          "length": 1,
                          "listen": [Function],
                          "location": Object {
                            "hash": "",
                            "pathname": "/",
                            "search": "",
                            "state": undefined,
                          },
                          "push": [Function],
                          "replace": [Function],
                        }
                      }
                      id={0}
                      img="rectangle2"
                      location={
                        Object {
                          "hash": "",
                          "pathname": "/",
                          "search": "",
                          "state": undefined,
                        }
                      }
                      match={
                        Object {
                          "isExact": true,
                          "params": Object {},
                          "path": "/",
                          "url": "/",
                        }
                      }
                      name="Tomi Adebanjo"
                      time="23-09-2018"
                      title="The Internet's problems Can't Be solved with an Algorithm"
                    >
                      <div
                        className="articleCard-container"
                        onClick={[Function]}
                      >
                        <div
                          className="columns articleCard"
                        >
                          <div
                            className="column is-one-fifth padding__0"
                          >
                            <img
                              alt=""
                              className="articleCard__img"
                              src="rectangle2"
                            />
                          </div>
                          <div
                            className="column padding__0 articleCard__content"
                          >
                            <h2
                              className="articleCard__title"
                            >
                              The Internet's problems Can't Be solved with an Algorithm
                            </h2>
                            <p
                              className="articleCard__subtitle"
                            >
                              We can't Keep blaming behavior on the robots
                            </p>
                            <p
                              className="articleCard__name"
                            >
                              Tomi Adebanjo
                            </p>
                            <p
                              className="articleCard__time"
                            >
                              just now
                            </p>
                          </div>
                        </div>
                      </div>
                    </ArticleCard>
                  </Route>
                </withRouter(ArticleCard)>
                <PaginationBoxView
                  activeClassName="selected"
                  activeLinkClassName="activePage"
                  breakLabel="..."
                  containerClassName="pagination"
                  disableInitialCallback={false}
                  disabledClassName="disabled"
                  marginPagesDisplayed={3}
                  nextClassName="next"
                  nextLabel={
                    <span>
                      Next
                    </span>
                  }
                  nextLinkClassName="next-icon"
                  onPageChange={[Function]}
                  pageCount={10}
                  pageRangeDisplayed={5}
                  previousClassName="previous"
                  previousLabel={
                    <span>
                      Prev
                    </span>
                  }
                  previousLinkClassName="prev-icon"
                >
                  <ul
                    className="pagination"
                  >
                    <li
                      className="previous disabled"
                    >
                      <a
                        className="prev-icon"
                        onClick={[Function]}
                        onKeyPress={[Function]}
                        role="button"
                        tabIndex="0"
                      >
                        <span>
                          Prev
                        </span>
                      </a>
                    </li>
                    <PageView
                      activeClassName="selected"
                      activeLinkClassName="activePage"
                      key="0"
                      onClick={[Function]}
                      page={1}
                      selected={true}
                    >
                      <li
                        className="selected"
                      >
                        <a
                          aria-current="page"
                          aria-label="Page 1 is your current page"
                          className="activePage"
                          onClick={[Function]}
                          onKeyPress={[Function]}
                          role="button"
                          tabIndex="0"
                        >
                          1
                        </a>
                      </li>
                    </PageView>
                    <PageView
                      activeClassName="selected"
                      activeLinkClassName="activePage"
                      key="1"
                      onClick={[Function]}
                      page={2}
                      selected={false}
                    >
                      <li>
                        <a
                          aria-current={null}
                          aria-label="Page 2"
                          onClick={[Function]}
                          onKeyPress={[Function]}
                          role="button"
                          tabIndex="0"
                        >
                          2
                        </a>
                      </li>
                    </PageView>
                    <PageView
                      activeClassName="selected"
                      activeLinkClassName="activePage"
                      key="2"
                      onClick={[Function]}
                      page={3}
                      selected={false}
                    >
                      <li>
                        <a
                          aria-current={null}
                          aria-label="Page 3"
                          onClick={[Function]}
                          onKeyPress={[Function]}
                          role="button"
                          tabIndex="0"
                        >
                          3
                        </a>
                      </li>
                    </PageView>
                    <PageView
                      activeClassName="selected"
                      activeLinkClassName="activePage"
                      key="3"
                      onClick={[Function]}
                      page={4}
                      selected={false}
                    >
                      <li>
                        <a
                          aria-current={null}
                          aria-label="Page 4"
                          onClick={[Function]}
                          onKeyPress={[Function]}
                          role="button"
                          tabIndex="0"
                        >
                          4
                        </a>
                      </li>
                    </PageView>
                    <PageView
                      activeClassName="selected"
                      activeLinkClassName="activePage"
                      key="4"
                      onClick={[Function]}
                      page={5}
                      selected={false}
                    >
                      <li>
                        <a
                          aria-current={null}
                          aria-label="Page 5"
                          onClick={[Function]}
                          onKeyPress={[Function]}
                          role="button"
                          tabIndex="0"
                        >
                          5
                        </a>
                      </li>
                    </PageView>
                    <PageView
                      activeClassName="selected"
                      activeLinkClassName="activePage"
                      key="5"
                      onClick={[Function]}
                      page={6}
                      selected={false}
                    >
                      <li>
                        <a
                          aria-current={null}
                          aria-label="Page 6"
                          onClick={[Function]}
                          onKeyPress={[Function]}
                          role="button"
                          tabIndex="0"
                        >
                          6
                        </a>
                      </li>
                    </PageView>
                    <BreakView
                      breakLabel="..."
                      key="6"
                      onClick={[Function]}
                    >
                      <li
                        className="break"
                      >
                        <a
                          onClick={[Function]}
                          onKeyPress={[Function]}
                          role="button"
                          tabIndex="0"
                        >
                          ...
                        </a>
                      </li>
                    </BreakView>
                    <PageView
                      activeClassName="selected"
                      activeLinkClassName="activePage"
                      key="7"
                      onClick={[Function]}
                      page={8}
                      selected={false}
                    >
                      <li>
                        <a
                          aria-current={null}
                          aria-label="Page 8"
                          onClick={[Function]}
                          onKeyPress={[Function]}
                          role="button"
                          tabIndex="0"
                        >
                          8
                        </a>
                      </li>
                    </PageView>
                    <PageView
                      activeClassName="selected"
                      activeLinkClassName="activePage"
                      key="8"
                      onClick={[Function]}
                      page={9}
                      selected={false}
                    >
                      <li>
                        <a
                          aria-current={null}
                          aria-label="Page 9"
                          onClick={[Function]}
                          onKeyPress={[Function]}
                          role="button"
                          tabIndex="0"
                        >
                          9
                        </a>
                      </li>
                    </PageView>
                    <PageView
                      activeClassName="selected"
                      activeLinkClassName="activePage"
                      key="9"
                      onClick={[Function]}
                      page={10}
                      selected={false}
                    >
                      <li>
                        <a
                          aria-current={null}
                          aria-label="Page 10"
                          onClick={[Function]}
                          onKeyPress={[Function]}
                          role="button"
                          tabIndex="0"
                        >
                          10
                        </a>
                      </li>
                    </PageView>
                    <li
                      className="next"
                    >
                      <a
                        className="next-icon"
                        onClick={[Function]}
                        onKeyPress={[Function]}
                        role="button"
                        tabIndex="0"
                      >
                        <span>
                          Next
                        </span>
                      </a>
                    </li>
                  </ul>
                </PaginationBoxView>
              </div>
            </ArticleContainer>
          </Connect(ArticleContainer)>
        </Route>
      </withRouter(Connect(ArticleContainer))>
    </Router>
  </BrowserRouter>
</Provider>
`;
