// Jest Snapshot v1, https://goo.gl/fbAQLP

exports[`article page test should render the article page correctly 1`] = `
<Provider
  store={
    Object {
      "clearActions": [Function],
      "dispatch": [Function],
      "getActions": [Function],
      "getState": [Function],
      "replaceReducer": [Function],
      "subscribe": [Function],
    }
  }
>
  <BrowserRouter>
    <Router
      history={
        Object {
          "action": "POP",
          "block": [Function],
          "createHref": [Function],
          "go": [Function],
          "goBack": [Function],
          "goForward": [Function],
          "length": 1,
          "listen": [Function],
          "location": Object {
            "hash": "",
            "pathname": "/",
            "search": "",
            "state": undefined,
          },
          "push": [Function],
          "replace": [Function],
        }
      }
    >
      <Articles>
        <div
          className="articles-container"
        >
          <Header>
            <header>
              <nav
                aria-label="main navigation"
                className="navbar container Landing-Page-Header"
                role="navigation"
              >
                <BrandContainer
                  menu={false}
                  showMenu={[Function]}
                >
                  <div
                    className="navbar-brand brand header-brand-container"
                  >
                    <Link
                      className="navbar-item"
                      replace={false}
                      to="/"
                    >
                      <a
                        className="navbar-item"
                        href="/"
                        onClick={[Function]}
                      >
                        <img
                          alt="Authors haven logo"
                          id="logo"
                          src="test-file-stub"
                        />
                        <h1
                          className="title"
                        >
                          Author's Haven
                        </h1>
                      </a>
                    </Link>
                    <button
                      aria-expanded="false"
                      aria-label="menu"
                      className="navbar-burger burger' ' bug"
                      data-target="profile-nav"
                      onClick={[Function]}
                      type="button"
                    >
                      <span
                        aria-hidden="true"
                      />
                      <span
                        aria-hidden="true"
                      />
                      <span
                        aria-hidden="true"
                      />
                    </button>
                  </div>
                </BrandContainer>
                <SearchAndProfile
                  menu={false}
                >
                  <div
                    className="navbar-menu  'block'"
                    id="profile-nav"
                  >
                    <Search>
                      <input
                        aria-label="search author's haven"
                        className="input is-primary app-search"
                        placeholder="Search"
                        type="text"
                      />
                    </Search>
                    <div
                      className="navbar-end"
                    >
                      <div
                        className="navbar-item"
                      >
                        <NavBar>
                          <div
                            className="buttons"
                          >
                            <Button>
                              <Link
                                className="button login-button"
                                replace={false}
                                role="button"
                                to="\\\\"
                              >
                                <a
                                  className="button login-button"
                                  href="/\\\\"
                                  onClick={[Function]}
                                  role="button"
                                >
                                  Login
                                </a>
                              </Link>
                            </Button>
                            <Button>
                              <Link
                                className="button btn app-general-button"
                                id="app-write-button"
                                replace={false}
                                role="button"
                                to="\\\\"
                              >
                                <a
                                  className="button btn app-general-button"
                                  href="/\\\\"
                                  id="app-write-button"
                                  onClick={[Function]}
                                  role="button"
                                >
                                  <strong>
                                    WRITE
                                  </strong>
                                </a>
                              </Link>
                            </Button>
                          </div>
                        </NavBar>
                      </div>
                    </div>
                  </div>
                </SearchAndProfile>
              </nav>
              <Connect(Hero)>
                <Hero
                  dispatch={[Function]}
                  heroContent={
                    Object {
                      "buttonIsVisible": true,
                      "className": "hero",
                      "description": "A community where readers and writers come together to share and discuss knowledge and ideas.",
                      "name": "AUTHOR'S HAVEN",
                      "poster": "banner",
                    }
                  }
                >
                  <div
                    className="hero"
                    data-radium={true}
                    style={
                      Object {
                        "background": "linear-gradient(rgba(19, 180, 122, 0.51), rgba(19, 180, 122, 0.51)), url(banner)",
                      }
                    }
                  >
                    <h1
                      className="title"
                      key=".0"
                    >
                      AUTHOR'S HAVEN
                    </h1>
                    <p
                      className="text"
                      key=".1"
                    >
                      A community where readers and writers come together to share and discuss knowledge and ideas.
                    </p>
                    <Button
                      green={false}
                      key=".2"
                      text="GET STARTED"
                    >
                      <button
                        className="App__Button white "
                        type="button"
                      >
                        GET STARTED
                      </button>
                    </Button>
                  </div>
                </Hero>
              </Connect(Hero)>
              <MinorNav>
                <nav
                  aria-label="categories navigation"
                  className="nav-Categories"
                  role="navigation"
                >
                  <div
                    className="Categories-container container"
                  >
                    <Connect(Categories)>
                      <Categories
                        categories={
                          Array [
                            "HOME",
                            "CULTURE",
                            "FASHION",
                            "BUSINESS",
                            "MATHEMATICS",
                            "PROGRAMMING",
                            "ENTERTAINMENT",
                            "SCIENCE",
                            "POPULAR",
                            "MORE",
                          ]
                        }
                        dispatch={[Function]}
                        selected="HOME"
                      >
                        <Link
                          className="Categories-item Categories-selected"
                          key="HOME"
                          replace={false}
                          to="/articles/HOME"
                        >
                          <a
                            className="Categories-item Categories-selected"
                            href="/articles/HOME"
                            onClick={[Function]}
                          >
                            HOME
                          </a>
                        </Link>
                        <Link
                          className="Categories-item "
                          key="CULTURE"
                          replace={false}
                          to="/articles/CULTURE"
                        >
                          <a
                            className="Categories-item "
                            href="/articles/CULTURE"
                            onClick={[Function]}
                          >
                            CULTURE
                          </a>
                        </Link>
                        <Link
                          className="Categories-item "
                          key="FASHION"
                          replace={false}
                          to="/articles/FASHION"
                        >
                          <a
                            className="Categories-item "
                            href="/articles/FASHION"
                            onClick={[Function]}
                          >
                            FASHION
                          </a>
                        </Link>
                        <Link
                          className="Categories-item "
                          key="BUSINESS"
                          replace={false}
                          to="/articles/BUSINESS"
                        >
                          <a
                            className="Categories-item "
                            href="/articles/BUSINESS"
                            onClick={[Function]}
                          >
                            BUSINESS
                          </a>
                        </Link>
                        <Link
                          className="Categories-item "
                          key="MATHEMATICS"
                          replace={false}
                          to="/articles/MATHEMATICS"
                        >
                          <a
                            className="Categories-item "
                            href="/articles/MATHEMATICS"
                            onClick={[Function]}
                          >
                            MATHEMATICS
                          </a>
                        </Link>
                        <Link
                          className="Categories-item "
                          key="PROGRAMMING"
                          replace={false}
                          to="/articles/PROGRAMMING"
                        >
                          <a
                            className="Categories-item "
                            href="/articles/PROGRAMMING"
                            onClick={[Function]}
                          >
                            PROGRAMMING
                          </a>
                        </Link>
                        <Link
                          className="Categories-item "
                          key="ENTERTAINMENT"
                          replace={false}
                          to="/articles/ENTERTAINMENT"
                        >
                          <a
                            className="Categories-item "
                            href="/articles/ENTERTAINMENT"
                            onClick={[Function]}
                          >
                            ENTERTAINMENT
                          </a>
                        </Link>
                        <Link
                          className="Categories-item "
                          key="SCIENCE"
                          replace={false}
                          to="/articles/SCIENCE"
                        >
                          <a
                            className="Categories-item "
                            href="/articles/SCIENCE"
                            onClick={[Function]}
                          >
                            SCIENCE
                          </a>
                        </Link>
                        <Link
                          className="Categories-item "
                          key="POPULAR"
                          replace={false}
                          to="/articles/POPULAR"
                        >
                          <a
                            className="Categories-item "
                            href="/articles/POPULAR"
                            onClick={[Function]}
                          >
                            POPULAR
                          </a>
                        </Link>
                        <Link
                          className="Categories-item "
                          key="MORE"
                          replace={false}
                          to="/articles/MORE"
                        >
                          <a
                            className="Categories-item "
                            href="/articles/MORE"
                            onClick={[Function]}
                          >
                            MORE
                          </a>
                        </Link>
                      </Categories>
                    </Connect(Categories)>
                  </div>
                </nav>
              </MinorNav>
            </header>
          </Header>
          <withRouter(Connect(ArticleContainer))>
            <Route>
              <Connect(ArticleContainer)
                history={
                  Object {
                    "action": "POP",
                    "block": [Function],
                    "createHref": [Function],
                    "go": [Function],
                    "goBack": [Function],
                    "goForward": [Function],
                    "length": 1,
                    "listen": [Function],
                    "location": Object {
                      "hash": "",
                      "pathname": "/",
                      "search": "",
                      "state": undefined,
                    },
                    "push": [Function],
                    "replace": [Function],
                  }
                }
                location={
                  Object {
                    "hash": "",
                    "pathname": "/",
                    "search": "",
                    "state": undefined,
                  }
                }
                match={
                  Object {
                    "isExact": true,
                    "params": Object {},
                    "path": "/",
                    "url": "/",
                  }
                }
              >
                <ArticleContainer
                  articles={Array []}
                  getArticles={[Function]}
                  history={
                    Object {
                      "action": "POP",
                      "block": [Function],
                      "createHref": [Function],
                      "go": [Function],
                      "goBack": [Function],
                      "goForward": [Function],
                      "length": 1,
                      "listen": [Function],
                      "location": Object {
                        "hash": "",
                        "pathname": "/",
                        "search": "",
                        "state": undefined,
                      },
                      "push": [Function],
                      "replace": [Function],
                    }
                  }
                  loading={false}
                  location={
                    Object {
                      "hash": "",
                      "pathname": "/",
                      "search": "",
                      "state": undefined,
                    }
                  }
                  match={
                    Object {
                      "isExact": true,
                      "params": Object {},
                      "path": "/",
                      "url": "/",
                    }
                  }
                >
                  <div
                    className="container article-inner-container"
                  >
                    <div
                      className="article-container-card"
                    >
                      <i
                        className="fas fa-exclamation notification-icon"
                      />
                      <p>
                        This category has no articles
                      </p>
                    </div>
                  </div>
                </ArticleContainer>
              </Connect(ArticleContainer)>
            </Route>
          </withRouter(Connect(ArticleContainer))>
          <footer>
            <footer
              className="Main-Footer"
            >
              <Footer>
                <div
                  className="footer-nav-categories"
                >
                  <div
                    className="container container"
                  >
                    <Connect(Categories)
                      footer={true}
                    >
                      <Categories
                        categories={
                          Array [
                            "HOME",
                            "CULTURE",
                            "FASHION",
                            "BUSINESS",
                            "MATHEMATICS",
                            "PROGRAMMING",
                            "ENTERTAINMENT",
                            "SCIENCE",
                            "POPULAR",
                            "MORE",
                          ]
                        }
                        dispatch={[Function]}
                        footer={true}
                        selected="HOME"
                      >
                        <Link
                          className="Categories-footItem"
                          key="HOME"
                          replace={false}
                          to="/articles/HOME"
                        >
                          <a
                            className="Categories-footItem"
                            href="/articles/HOME"
                            onClick={[Function]}
                          >
                            HOME
                          </a>
                        </Link>
                        <Link
                          className="Categories-footItem"
                          key="CULTURE"
                          replace={false}
                          to="/articles/CULTURE"
                        >
                          <a
                            className="Categories-footItem"
                            href="/articles/CULTURE"
                            onClick={[Function]}
                          >
                            CULTURE
                          </a>
                        </Link>
                        <Link
                          className="Categories-footItem"
                          key="FASHION"
                          replace={false}
                          to="/articles/FASHION"
                        >
                          <a
                            className="Categories-footItem"
                            href="/articles/FASHION"
                            onClick={[Function]}
                          >
                            FASHION
                          </a>
                        </Link>
                        <Link
                          className="Categories-footItem"
                          key="BUSINESS"
                          replace={false}
                          to="/articles/BUSINESS"
                        >
                          <a
                            className="Categories-footItem"
                            href="/articles/BUSINESS"
                            onClick={[Function]}
                          >
                            BUSINESS
                          </a>
                        </Link>
                        <Link
                          className="Categories-footItem"
                          key="MATHEMATICS"
                          replace={false}
                          to="/articles/MATHEMATICS"
                        >
                          <a
                            className="Categories-footItem"
                            href="/articles/MATHEMATICS"
                            onClick={[Function]}
                          >
                            MATHEMATICS
                          </a>
                        </Link>
                        <Link
                          className="Categories-footItem"
                          key="PROGRAMMING"
                          replace={false}
                          to="/articles/PROGRAMMING"
                        >
                          <a
                            className="Categories-footItem"
                            href="/articles/PROGRAMMING"
                            onClick={[Function]}
                          >
                            PROGRAMMING
                          </a>
                        </Link>
                        <Link
                          className="Categories-footItem"
                          key="ENTERTAINMENT"
                          replace={false}
                          to="/articles/ENTERTAINMENT"
                        >
                          <a
                            className="Categories-footItem"
                            href="/articles/ENTERTAINMENT"
                            onClick={[Function]}
                          >
                            ENTERTAINMENT
                          </a>
                        </Link>
                        <Link
                          className="Categories-footItem"
                          key="SCIENCE"
                          replace={false}
                          to="/articles/SCIENCE"
                        >
                          <a
                            className="Categories-footItem"
                            href="/articles/SCIENCE"
                            onClick={[Function]}
                          >
                            SCIENCE
                          </a>
                        </Link>
                        <Link
                          className="Categories-footItem"
                          key="POPULAR"
                          replace={false}
                          to="/articles/POPULAR"
                        >
                          <a
                            className="Categories-footItem"
                            href="/articles/POPULAR"
                            onClick={[Function]}
                          >
                            POPULAR
                          </a>
                        </Link>
                        <Link
                          className="Categories-footItem"
                          key="MORE"
                          replace={false}
                          to="/articles/MORE"
                        >
                          <a
                            className="Categories-footItem"
                            href="/articles/MORE"
                            onClick={[Function]}
                          >
                            MORE
                          </a>
                        </Link>
                      </Categories>
                    </Connect(Categories)>
                  </div>
                </div>
              </Footer>
              <Brand>
                <div
                  className="brandFooter"
                >
                  <div
                    className="container Footer-brand"
                  >
                    <p>
                      2018 Copyright of metis team
                    </p>
                    <div>
                      <i
                        className="fab fa-facebook-square space"
                      />
                      <i
                        className="fab fa-twitter space"
                      />
                      <i
                        className="fab fa-google-plus-g space"
                      />
                    </div>
                  </div>
                </div>
              </Brand>
            </footer>
          </footer>
        </div>
      </Articles>
    </Router>
  </BrowserRouter>
</Provider>
`;
